// Jest Snapshot v1, https://goo.gl/fbAQLP

exports[`Pruebas en <App /> Debe de mostrar <App /> de manera correcta 1`] = `
<Fragment>
  <h1>
    Hola, Soy Diego
  </h1>
  <p>
    Soy un subtitulo
  </p>
</Fragment>
`;
